
$$$$FRAME$$$$
[0m[44m                                       [0m0[44m                                        [0m[0m
[0m                                       1[0m
[0m                                       2[0m
[0m                                       3[0m
[0m                                       4[0m
$$$$FRAME$$$$
[0m                                       0[0m
[0m[44m                                       [0m1[44m                                        [0m[0m
[0m                                       2[0m
[0m                                       3[0m
[0m                                       4[0m
$$$$FRAME$$$$
[0m                                       0[0m
[0m                                       1[0m
[0m[44m                                       [0m2[44m                                        [0m[0m
[0m                                       3[0m
[0m                                       4[0m
$$$$FRAME$$$$
[0m                                       0[0m
[0m                                       1[0m
[0m                                       2[0m
[0m[44m                                       [0m3[44m                                        [0m[0m
[0m                                       4[0m
$$$$FRAME$$$$
[0m                                       0[0m
[0m                                       1[0m
[0m                                       2[0m
[0m                                       3[0m
[0m[44m                                       [0m4[44m                                        [0m[0m