
$$$$FRAME$$$$
[0m╭──────────────────────────────────────────────────────────────────────────────╮[0m
[0m│82                                                                            │[0m
[0m│83                                                                            │[0m
[0m│84                                                                            │[0m
[0m│85                                                                            │[0m
[0m│86                                                                            │[0m
[0m│87                                                                            │[0m
[0m│88                                                                            │[0m
[0m│89                                                                            │[0m
[0m│90                                                                            │[0m
[0m│91                                                                            │[0m
[0m│92                                                                            │[0m
[0m│93                                                                            │[0m
[0m│94                                                                            │[0m
[0m│95                                                                            │[0m
[0m│96                                                                            │[0m
[0m│97                                                                            │[0m
[0m│98                                                                            │[0m
[0m│99                                                                            │[0m
[0m╰──────────────────────────────────────────────────────────────────────────────╯[0m
$$$$FRAME$$$$
[0m╭──────────────────────────────────────────────────────────────────────────────╮[0m
[0m│82                                                                            │[0m
[0m│83                                                                            │[0m
[0m│84                                                                            │[0m
[0m│85                                                                            │[0m
[0m│86                                                                            │[0m
[0m│87                                                                            │[0m
[0m│88                                                                            │[0m
[0m│89                                                                            │[0m
[0m╰──────────────────────────────────────────────────────────────────────────────╯[0m