
$$$$FRAME$$$$
[0m╭──────────────────────────────────────────────────────────────────────────────╮[0m
[0m│╭───────────────────────╮ ╭────────────────────────╮ ╭───────────────────────╮│[0m
[0m││        foobar         │ │        bazban          │ │        quzqux         ││[0m
[0m│╰───────────────────────╯ ╰────────────────────────╯ ╰───────────────────────╯│[0m
[0m│                                                                              │[0m
[0m│                                                                              │[0m
[0m│                                                                              │[0m
[0m│                                                                              │[0m
[0m│                                                                              │[0m
[0m│                                                                              │[0m
[0m│                                                                              │[0m
[0m│                                                                              │[0m
[0m│                                                                              │[0m
[0m│                                                                              │[0m
[0m│                                                                              │[0m
[0m│                                                                              │[0m
[0m│                                                                              │[0m
[0m│                                                                              │[0m
[0m│                                                                              │[0m
[0m╰──────────────────────────────────────────────────────────────────────────────╯[0m
$$$$FRAME$$$$
[0m╭───╮[0m
[0m│╭╮ │[0m
[0m│││ │[0m
[0m│╰╯ │[0m
[0m│   │[0m
[0m│   │[0m
[0m│   │[0m
[0m│   │[0m
[0m│   │[0m
[0m│   │[0m
[0m│   │[0m
[0m│   │[0m
[0m│   │[0m
[0m│   │[0m
[0m│   │[0m
[0m│   │[0m
[0m│   │[0m
[0m│   │[0m
[0m│   │[0m
[0m╰───╯[0m
$$$$FRAME$$$$
[0m╭────╮[0m
[0m│╭╮ ╭│[0m
[0m│││ ││[0m
[0m│╰╯ ╰│[0m
[0m│    │[0m
[0m│    │[0m
[0m│    │[0m
[0m│    │[0m
[0m│    │[0m
[0m│    │[0m
[0m│    │[0m
[0m│    │[0m
[0m│    │[0m
[0m│    │[0m
[0m│    │[0m
[0m│    │[0m
[0m│    │[0m
[0m│    │[0m
[0m│    │[0m
[0m╰────╯[0m
$$$$FRAME$$$$
[0m╭─────╮[0m
[0m│╭╮ ╭╮│[0m
[0m│││ │││[0m
[0m│╰╯ ╰╯│[0m
[0m│     │[0m
[0m│     │[0m
[0m│     │[0m
[0m│     │[0m
[0m│     │[0m
[0m│     │[0m
[0m│     │[0m
[0m│     │[0m
[0m│     │[0m
[0m│     │[0m
[0m│     │[0m
[0m│     │[0m
[0m│     │[0m
[0m│     │[0m
[0m│     │[0m
[0m╰─────╯[0m
$$$$FRAME$$$$
[0m╭──────╮[0m
[0m│╭╮ ╭╮ │[0m
[0m│││ ││ │[0m
[0m│╰╯ ╰╯ │[0m
[0m│      │[0m
[0m│      │[0m
[0m│      │[0m
[0m│      │[0m
[0m│      │[0m
[0m│      │[0m
[0m│      │[0m
[0m│      │[0m
[0m│      │[0m
[0m│      │[0m
[0m│      │[0m
[0m│      │[0m
[0m│      │[0m
[0m│      │[0m
[0m│      │[0m
[0m╰──────╯[0m
$$$$FRAME$$$$
[0m╭───────╮[0m
[0m│╭╮ ╭╮ ╭│[0m
[0m│││ ││ ││[0m
[0m│╰╯ ╰╯ ╰│[0m
[0m│       │[0m
[0m│       │[0m
[0m│       │[0m
[0m│       │[0m
[0m│       │[0m
[0m│       │[0m
[0m│       │[0m
[0m│       │[0m
[0m│       │[0m
[0m│       │[0m
[0m│       │[0m
[0m│       │[0m
[0m│       │[0m
[0m│       │[0m
[0m│       │[0m
[0m╰───────╯[0m
$$$$FRAME$$$$
[0m╭────────╮[0m
[0m│╭╮ ╭╮ ╭╮│[0m
[0m│││ ││ │││[0m
[0m│╰╯ ╰╯ ╰╯│[0m
[0m│        │[0m
[0m│        │[0m
[0m│        │[0m
[0m│        │[0m
[0m│        │[0m
[0m│        │[0m
[0m│        │[0m
[0m│        │[0m
[0m│        │[0m
[0m│        │[0m
[0m│        │[0m
[0m│        │[0m
[0m│        │[0m
[0m│        │[0m
[0m│        │[0m
[0m╰────────╯[0m
$$$$FRAME$$$$
[0m╭─────────╮[0m
[0m│╭╮ ╭─╮ ╭╮│[0m
[0m│││ │b│ │││[0m
[0m│╰╯ ╰─╯ ╰╯│[0m
[0m│         │[0m
[0m│         │[0m
[0m│         │[0m
[0m│         │[0m
[0m│         │[0m
[0m│         │[0m
[0m│         │[0m
[0m│         │[0m
[0m│         │[0m
[0m│         │[0m
[0m│         │[0m
[0m│         │[0m
[0m│         │[0m
[0m│         │[0m
[0m│         │[0m
[0m╰─────────╯[0m
$$$$FRAME$$$$
[0m╭──────────╮[0m
[0m│╭─╮ ╭╮ ╭─╮│[0m
[0m││f│ ││ │q││[0m
[0m│╰─╯ ╰╯ ╰─╯│[0m
[0m│          │[0m
[0m│          │[0m
[0m│          │[0m
[0m│          │[0m
[0m│          │[0m
[0m│          │[0m
[0m│          │[0m
[0m│          │[0m
[0m│          │[0m
[0m│          │[0m
[0m│          │[0m
[0m│          │[0m
[0m│          │[0m
[0m│          │[0m
[0m│          │[0m
[0m╰──────────╯[0m
$$$$FRAME$$$$
[0m╭───────────╮[0m
[0m│╭─╮ ╭─╮ ╭─╮│[0m
[0m││f│ │b│ │q││[0m
[0m│╰─╯ ╰─╯ ╰─╯│[0m
[0m│           │[0m
[0m│           │[0m
[0m│           │[0m
[0m│           │[0m
[0m│           │[0m
[0m│           │[0m
[0m│           │[0m
[0m│           │[0m
[0m│           │[0m
[0m│           │[0m
[0m│           │[0m
[0m│           │[0m
[0m│           │[0m
[0m│           │[0m
[0m│           │[0m
[0m╰───────────╯[0m
$$$$FRAME$$$$
[0m╭────────────╮[0m
[0m│╭─╮ ╭──╮ ╭─╮│[0m
[0m││f│ │b │ │q││[0m
[0m│╰─╯ ╰──╯ ╰─╯│[0m
[0m│            │[0m
[0m│            │[0m
[0m│            │[0m
[0m│            │[0m
[0m│            │[0m
[0m│            │[0m
[0m│            │[0m
[0m│            │[0m
[0m│            │[0m
[0m│            │[0m
[0m│            │[0m
[0m│            │[0m
[0m│            │[0m
[0m│            │[0m
[0m│            │[0m
[0m╰────────────╯[0m
$$$$FRAME$$$$
[0m╭─────────────╮[0m
[0m│╭──╮ ╭─╮ ╭──╮│[0m
[0m││f │ │b│ │q ││[0m
[0m│╰──╯ ╰─╯ ╰──╯│[0m
[0m│             │[0m
[0m│             │[0m
[0m│             │[0m
[0m│             │[0m
[0m│             │[0m
[0m│             │[0m
[0m│             │[0m
[0m│             │[0m
[0m│             │[0m
[0m│             │[0m
[0m│             │[0m
[0m│             │[0m
[0m│             │[0m
[0m│             │[0m
[0m│             │[0m
[0m╰─────────────╯[0m
$$$$FRAME$$$$
[0m╭──────────────╮[0m
[0m│╭──╮ ╭──╮ ╭──╮│[0m
[0m││fo│ │ba│ │qu││[0m
[0m│╰──╯ ╰──╯ ╰──╯│[0m
[0m│              │[0m
[0m│              │[0m
[0m│              │[0m
[0m│              │[0m
[0m│              │[0m
[0m│              │[0m
[0m│              │[0m
[0m│              │[0m
[0m│              │[0m
[0m│              │[0m
[0m│              │[0m
[0m│              │[0m
[0m│              │[0m
[0m│              │[0m
[0m│              │[0m
[0m╰──────────────╯[0m
$$$$FRAME$$$$
[0m╭───────────────╮[0m
[0m│╭──╮ ╭───╮ ╭──╮│[0m
[0m││fo│ │ba │ │qu││[0m
[0m│╰──╯ ╰───╯ ╰──╯│[0m
[0m│               │[0m
[0m│               │[0m
[0m│               │[0m
[0m│               │[0m
[0m│               │[0m
[0m│               │[0m
[0m│               │[0m
[0m│               │[0m
[0m│               │[0m
[0m│               │[0m
[0m│               │[0m
[0m│               │[0m
[0m│               │[0m
[0m│               │[0m
[0m│               │[0m
[0m╰───────────────╯[0m
$$$$FRAME$$$$
[0m╭────────────────╮[0m
[0m│╭───╮ ╭──╮ ╭───╮│[0m
[0m││fo │ │ba│ │qu ││[0m
[0m│╰───╯ ╰──╯ ╰───╯│[0m
[0m│                │[0m
[0m│                │[0m
[0m│                │[0m
[0m│                │[0m
[0m│                │[0m
[0m│                │[0m
[0m│                │[0m
[0m│                │[0m
[0m│                │[0m
[0m│                │[0m
[0m│                │[0m
[0m│                │[0m
[0m│                │[0m
[0m│                │[0m
[0m│                │[0m
[0m╰────────────────╯[0m
$$$$FRAME$$$$
[0m╭─────────────────╮[0m
[0m│╭───╮ ╭───╮ ╭───╮│[0m
[0m││foo│ │baz│ │quz││[0m
[0m│╰───╯ ╰───╯ ╰───╯│[0m
[0m│                 │[0m
[0m│                 │[0m
[0m│                 │[0m
[0m│                 │[0m
[0m│                 │[0m
[0m│                 │[0m
[0m│                 │[0m
[0m│                 │[0m
[0m│                 │[0m
[0m│                 │[0m
[0m│                 │[0m
[0m│                 │[0m
[0m│                 │[0m
[0m│                 │[0m
[0m│                 │[0m
[0m╰─────────────────╯[0m
$$$$FRAME$$$$
[0m╭──────────────────╮[0m
[0m│╭───╮ ╭────╮ ╭───╮│[0m
[0m││foo│ │baz │ │quz││[0m
[0m│╰───╯ ╰────╯ ╰───╯│[0m
[0m│                  │[0m
[0m│                  │[0m
[0m│                  │[0m
[0m│                  │[0m
[0m│                  │[0m
[0m│                  │[0m
[0m│                  │[0m
[0m│                  │[0m
[0m│                  │[0m
[0m│                  │[0m
[0m│                  │[0m
[0m│                  │[0m
[0m│                  │[0m
[0m│                  │[0m
[0m│                  │[0m
[0m╰──────────────────╯[0m
$$$$FRAME$$$$
[0m╭───────────────────╮[0m
[0m│╭────╮ ╭───╮ ╭────╮│[0m
[0m││foo │ │baz│ │quz ││[0m
[0m│╰────╯ ╰───╯ ╰────╯│[0m
[0m│                   │[0m
[0m│                   │[0m
[0m│                   │[0m
[0m│                   │[0m
[0m│                   │[0m
[0m│                   │[0m
[0m│                   │[0m
[0m│                   │[0m
[0m│                   │[0m
[0m│                   │[0m
[0m│                   │[0m
[0m│                   │[0m
[0m│                   │[0m
[0m│                   │[0m
[0m│                   │[0m
[0m╰───────────────────╯[0m
$$$$FRAME$$$$
[0m╭────────────────────╮[0m
[0m│╭────╮ ╭────╮ ╭────╮│[0m
[0m││foob│ │bazb│ │quzq││[0m
[0m│╰────╯ ╰────╯ ╰────╯│[0m
[0m│                    │[0m
[0m│                    │[0m
[0m│                    │[0m
[0m│                    │[0m
[0m│                    │[0m
[0m│                    │[0m
[0m│                    │[0m
[0m│                    │[0m
[0m│                    │[0m
[0m│                    │[0m
[0m│                    │[0m
[0m│                    │[0m
[0m│                    │[0m
[0m│                    │[0m
[0m│                    │[0m
[0m╰────────────────────╯[0m
$$$$FRAME$$$$
[0m╭─────────────────────╮[0m
[0m│╭────╮ ╭─────╮ ╭────╮│[0m
[0m││foob│ │bazb │ │quzq││[0m
[0m│╰────╯ ╰─────╯ ╰────╯│[0m
[0m│                     │[0m
[0m│                     │[0m
[0m│                     │[0m
[0m│                     │[0m
[0m│                     │[0m
[0m│                     │[0m
[0m│                     │[0m
[0m│                     │[0m
[0m│                     │[0m
[0m│                     │[0m
[0m│                     │[0m
[0m│                     │[0m
[0m│                     │[0m
[0m│                     │[0m
[0m│                     │[0m
[0m╰─────────────────────╯[0m
$$$$FRAME$$$$
[0m╭──────────────────────╮[0m
[0m│╭─────╮ ╭────╮ ╭─────╮│[0m
[0m││foob │ │bazb│ │quzq ││[0m
[0m│╰─────╯ ╰────╯ ╰─────╯│[0m
[0m│                      │[0m
[0m│                      │[0m
[0m│                      │[0m
[0m│                      │[0m
[0m│                      │[0m
[0m│                      │[0m
[0m│                      │[0m
[0m│                      │[0m
[0m│                      │[0m
[0m│                      │[0m
[0m│                      │[0m
[0m│                      │[0m
[0m│                      │[0m
[0m│                      │[0m
[0m│                      │[0m
[0m╰──────────────────────╯[0m
$$$$FRAME$$$$
[0m╭───────────────────────╮[0m
[0m│╭─────╮ ╭─────╮ ╭─────╮│[0m
[0m││fooba│ │bazba│ │quzqu││[0m
[0m│╰─────╯ ╰─────╯ ╰─────╯│[0m
[0m│                       │[0m
[0m│                       │[0m
[0m│                       │[0m
[0m│                       │[0m
[0m│                       │[0m
[0m│                       │[0m
[0m│                       │[0m
[0m│                       │[0m
[0m│                       │[0m
[0m│                       │[0m
[0m│                       │[0m
[0m│                       │[0m
[0m│                       │[0m
[0m│                       │[0m
[0m│                       │[0m
[0m╰───────────────────────╯[0m
$$$$FRAME$$$$
[0m╭────────────────────────╮[0m
[0m│╭─────╮ ╭──────╮ ╭─────╮│[0m
[0m││fooba│ │bazba │ │quzqu││[0m
[0m│╰─────╯ ╰──────╯ ╰─────╯│[0m
[0m│                        │[0m
[0m│                        │[0m
[0m│                        │[0m
[0m│                        │[0m
[0m│                        │[0m
[0m│                        │[0m
[0m│                        │[0m
[0m│                        │[0m
[0m│                        │[0m
[0m│                        │[0m
[0m│                        │[0m
[0m│                        │[0m
[0m│                        │[0m
[0m│                        │[0m
[0m│                        │[0m
[0m╰────────────────────────╯[0m
$$$$FRAME$$$$
[0m╭─────────────────────────╮[0m
[0m│╭──────╮ ╭─────╮ ╭──────╮│[0m
[0m││fooba │ │bazba│ │quzqu ││[0m
[0m│╰──────╯ ╰─────╯ ╰──────╯│[0m
[0m│                         │[0m
[0m│                         │[0m
[0m│                         │[0m
[0m│                         │[0m
[0m│                         │[0m
[0m│                         │[0m
[0m│                         │[0m
[0m│                         │[0m
[0m│                         │[0m
[0m│                         │[0m
[0m│                         │[0m
[0m│                         │[0m
[0m│                         │[0m
[0m│                         │[0m
[0m│                         │[0m
[0m╰─────────────────────────╯[0m
$$$$FRAME$$$$
[0m╭──────────────────────────╮[0m
[0m│╭──────╮ ╭──────╮ ╭──────╮│[0m
[0m││foobar│ │bazban│ │quzqux││[0m
[0m│╰──────╯ ╰──────╯ ╰──────╯│[0m
[0m│                          │[0m
[0m│                          │[0m
[0m│                          │[0m
[0m│                          │[0m
[0m│                          │[0m
[0m│                          │[0m
[0m│                          │[0m
[0m│                          │[0m
[0m│                          │[0m
[0m│                          │[0m
[0m│                          │[0m
[0m│                          │[0m
[0m│                          │[0m
[0m│                          │[0m
[0m│                          │[0m
[0m╰──────────────────────────╯[0m
$$$$FRAME$$$$
[0m╭───────────────────────────╮[0m
[0m│╭──────╮ ╭───────╮ ╭──────╮│[0m
[0m││foobar│ │bazban │ │quzqux││[0m
[0m│╰──────╯ ╰───────╯ ╰──────╯│[0m
[0m│                           │[0m
[0m│                           │[0m
[0m│                           │[0m
[0m│                           │[0m
[0m│                           │[0m
[0m│                           │[0m
[0m│                           │[0m
[0m│                           │[0m
[0m│                           │[0m
[0m│                           │[0m
[0m│                           │[0m
[0m│                           │[0m
[0m│                           │[0m
[0m│                           │[0m
[0m│                           │[0m
[0m╰───────────────────────────╯[0m
$$$$FRAME$$$$
[0m╭────────────────────────────╮[0m
[0m│╭───────╮ ╭──────╮ ╭───────╮│[0m
[0m││foobar │ │bazban│ │quzqux ││[0m
[0m│╰───────╯ ╰──────╯ ╰───────╯│[0m
[0m│                            │[0m
[0m│                            │[0m
[0m│                            │[0m
[0m│                            │[0m
[0m│                            │[0m
[0m│                            │[0m
[0m│                            │[0m
[0m│                            │[0m
[0m│                            │[0m
[0m│                            │[0m
[0m│                            │[0m
[0m│                            │[0m
[0m│                            │[0m
[0m│                            │[0m
[0m│                            │[0m
[0m╰────────────────────────────╯[0m
$$$$FRAME$$$$
[0m╭─────────────────────────────╮[0m
[0m│╭───────╮ ╭───────╮ ╭───────╮│[0m
[0m││foobar │ │bazban │ │quzqux ││[0m
[0m│╰───────╯ ╰───────╯ ╰───────╯│[0m
[0m│                             │[0m
[0m│                             │[0m
[0m│                             │[0m
[0m│                             │[0m
[0m│                             │[0m
[0m│                             │[0m
[0m│                             │[0m
[0m│                             │[0m
[0m│                             │[0m
[0m│                             │[0m
[0m│                             │[0m
[0m│                             │[0m
[0m│                             │[0m
[0m│                             │[0m
[0m│                             │[0m
[0m╰─────────────────────────────╯[0m
$$$$FRAME$$$$
[0m╭──────────────────────────────╮[0m
[0m│╭───────╮ ╭────────╮ ╭───────╮│[0m
[0m││foobar │ │bazban  │ │quzqux ││[0m
[0m│╰───────╯ ╰────────╯ ╰───────╯│[0m
[0m│                              │[0m
[0m│                              │[0m
[0m│                              │[0m
[0m│                              │[0m
[0m│                              │[0m
[0m│                              │[0m
[0m│                              │[0m
[0m│                              │[0m
[0m│                              │[0m
[0m│                              │[0m
[0m│                              │[0m
[0m│                              │[0m
[0m│                              │[0m
[0m│                              │[0m
[0m│                              │[0m
[0m╰──────────────────────────────╯[0m
$$$$FRAME$$$$
[0m╭───────────────────────────────╮[0m
[0m│╭────────╮ ╭───────╮ ╭────────╮│[0m
[0m││foobar  │ │bazban │ │quzqux  ││[0m
[0m│╰────────╯ ╰───────╯ ╰────────╯│[0m
[0m│                               │[0m
[0m│                               │[0m
[0m│                               │[0m
[0m│                               │[0m
[0m│                               │[0m
[0m│                               │[0m
[0m│                               │[0m
[0m│                               │[0m
[0m│                               │[0m
[0m│                               │[0m
[0m│                               │[0m
[0m│                               │[0m
[0m│                               │[0m
[0m│                               │[0m
[0m│                               │[0m
[0m╰───────────────────────────────╯[0m
$$$$FRAME$$$$
[0m╭────────────────────────────────╮[0m
[0m│╭────────╮ ╭────────╮ ╭────────╮│[0m
[0m││ foobar │ │ bazban │ │ quzqux ││[0m
[0m│╰────────╯ ╰────────╯ ╰────────╯│[0m
[0m│                                │[0m
[0m│                                │[0m
[0m│                                │[0m
[0m│                                │[0m
[0m│                                │[0m
[0m│                                │[0m
[0m│                                │[0m
[0m│                                │[0m
[0m│                                │[0m
[0m│                                │[0m
[0m│                                │[0m
[0m│                                │[0m
[0m│                                │[0m
[0m│                                │[0m
[0m│                                │[0m
[0m╰────────────────────────────────╯[0m
$$$$FRAME$$$$
[0m╭─────────────────────────────────╮[0m
[0m│╭────────╮ ╭─────────╮ ╭────────╮│[0m
[0m││ foobar │ │ bazban  │ │ quzqux ││[0m
[0m│╰────────╯ ╰─────────╯ ╰────────╯│[0m
[0m│                                 │[0m
[0m│                                 │[0m
[0m│                                 │[0m
[0m│                                 │[0m
[0m│                                 │[0m
[0m│                                 │[0m
[0m│                                 │[0m
[0m│                                 │[0m
[0m│                                 │[0m
[0m│                                 │[0m
[0m│                                 │[0m
[0m│                                 │[0m
[0m│                                 │[0m
[0m│                                 │[0m
[0m│                                 │[0m
[0m╰─────────────────────────────────╯[0m
$$$$FRAME$$$$
[0m╭──────────────────────────────────╮[0m
[0m│╭─────────╮ ╭────────╮ ╭─────────╮│[0m
[0m││ foobar  │ │ bazban │ │ quzqux  ││[0m
[0m│╰─────────╯ ╰────────╯ ╰─────────╯│[0m
[0m│                                  │[0m
[0m│                                  │[0m
[0m│                                  │[0m
[0m│                                  │[0m
[0m│                                  │[0m
[0m│                                  │[0m
[0m│                                  │[0m
[0m│                                  │[0m
[0m│                                  │[0m
[0m│                                  │[0m
[0m│                                  │[0m
[0m│                                  │[0m
[0m│                                  │[0m
[0m│                                  │[0m
[0m│                                  │[0m
[0m╰──────────────────────────────────╯[0m
$$$$FRAME$$$$
[0m╭───────────────────────────────────╮[0m
[0m│╭─────────╮ ╭─────────╮ ╭─────────╮│[0m
[0m││ foobar  │ │ bazban  │ │ quzqux  ││[0m
[0m│╰─────────╯ ╰─────────╯ ╰─────────╯│[0m
[0m│                                   │[0m
[0m│                                   │[0m
[0m│                                   │[0m
[0m│                                   │[0m
[0m│                                   │[0m
[0m│                                   │[0m
[0m│                                   │[0m
[0m│                                   │[0m
[0m│                                   │[0m
[0m│                                   │[0m
[0m│                                   │[0m
[0m│                                   │[0m
[0m│                                   │[0m
[0m│                                   │[0m
[0m│                                   │[0m
[0m╰───────────────────────────────────╯[0m
$$$$FRAME$$$$
[0m╭────────────────────────────────────╮[0m
[0m│╭─────────╮ ╭──────────╮ ╭─────────╮│[0m
[0m││ foobar  │ │ bazban   │ │ quzqux  ││[0m
[0m│╰─────────╯ ╰──────────╯ ╰─────────╯│[0m
[0m│                                    │[0m
[0m│                                    │[0m
[0m│                                    │[0m
[0m│                                    │[0m
[0m│                                    │[0m
[0m│                                    │[0m
[0m│                                    │[0m
[0m│                                    │[0m
[0m│                                    │[0m
[0m│                                    │[0m
[0m│                                    │[0m
[0m│                                    │[0m
[0m│                                    │[0m
[0m│                                    │[0m
[0m│                                    │[0m
[0m╰────────────────────────────────────╯[0m
$$$$FRAME$$$$
[0m╭─────────────────────────────────────╮[0m
[0m│╭──────────╮ ╭─────────╮ ╭──────────╮│[0m
[0m││ foobar   │ │ bazban  │ │ quzqux   ││[0m
[0m│╰──────────╯ ╰─────────╯ ╰──────────╯│[0m
[0m│                                     │[0m
[0m│                                     │[0m
[0m│                                     │[0m
[0m│                                     │[0m
[0m│                                     │[0m
[0m│                                     │[0m
[0m│                                     │[0m
[0m│                                     │[0m
[0m│                                     │[0m
[0m│                                     │[0m
[0m│                                     │[0m
[0m│                                     │[0m
[0m│                                     │[0m
[0m│                                     │[0m
[0m│                                     │[0m
[0m╰─────────────────────────────────────╯[0m
$$$$FRAME$$$$
[0m╭──────────────────────────────────────╮[0m
[0m│╭──────────╮ ╭──────────╮ ╭──────────╮│[0m
[0m││  foobar  │ │  bazban  │ │  quzqux  ││[0m
[0m│╰──────────╯ ╰──────────╯ ╰──────────╯│[0m
[0m│                                      │[0m
[0m│                                      │[0m
[0m│                                      │[0m
[0m│                                      │[0m
[0m│                                      │[0m
[0m│                                      │[0m
[0m│                                      │[0m
[0m│                                      │[0m
[0m│                                      │[0m
[0m│                                      │[0m
[0m│                                      │[0m
[0m│                                      │[0m
[0m│                                      │[0m
[0m│                                      │[0m
[0m│                                      │[0m
[0m╰──────────────────────────────────────╯[0m
$$$$FRAME$$$$
[0m╭───────────────────────────────────────╮[0m
[0m│╭──────────╮ ╭───────────╮ ╭──────────╮│[0m
[0m││  foobar  │ │  bazban   │ │  quzqux  ││[0m
[0m│╰──────────╯ ╰───────────╯ ╰──────────╯│[0m
[0m│                                       │[0m
[0m│                                       │[0m
[0m│                                       │[0m
[0m│                                       │[0m
[0m│                                       │[0m
[0m│                                       │[0m
[0m│                                       │[0m
[0m│                                       │[0m
[0m│                                       │[0m
[0m│                                       │[0m
[0m│                                       │[0m
[0m│                                       │[0m
[0m│                                       │[0m
[0m│                                       │[0m
[0m│                                       │[0m
[0m╰───────────────────────────────────────╯[0m
$$$$FRAME$$$$
[0m╭────────────────────────────────────────╮[0m
[0m│╭───────────╮ ╭──────────╮ ╭───────────╮│[0m
[0m││  foobar   │ │  bazban  │ │  quzqux   ││[0m
[0m│╰───────────╯ ╰──────────╯ ╰───────────╯│[0m
[0m│                                        │[0m
[0m│                                        │[0m
[0m│                                        │[0m
[0m│                                        │[0m
[0m│                                        │[0m
[0m│                                        │[0m
[0m│                                        │[0m
[0m│                                        │[0m
[0m│                                        │[0m
[0m│                                        │[0m
[0m│                                        │[0m
[0m│                                        │[0m
[0m│                                        │[0m
[0m│                                        │[0m
[0m│                                        │[0m
[0m╰────────────────────────────────────────╯[0m
$$$$FRAME$$$$
[0m╭─────────────────────────────────────────╮[0m
[0m│╭───────────╮ ╭───────────╮ ╭───────────╮│[0m
[0m││  foobar   │ │  bazban   │ │  quzqux   ││[0m
[0m│╰───────────╯ ╰───────────╯ ╰───────────╯│[0m
[0m│                                         │[0m
[0m│                                         │[0m
[0m│                                         │[0m
[0m│                                         │[0m
[0m│                                         │[0m
[0m│                                         │[0m
[0m│                                         │[0m
[0m│                                         │[0m
[0m│                                         │[0m
[0m│                                         │[0m
[0m│                                         │[0m
[0m│                                         │[0m
[0m│                                         │[0m
[0m│                                         │[0m
[0m│                                         │[0m
[0m╰─────────────────────────────────────────╯[0m
$$$$FRAME$$$$
[0m╭──────────────────────────────────────────╮[0m
[0m│╭───────────╮ ╭────────────╮ ╭───────────╮│[0m
[0m││  foobar   │ │  bazban    │ │  quzqux   ││[0m
[0m│╰───────────╯ ╰────────────╯ ╰───────────╯│[0m
[0m│                                          │[0m
[0m│                                          │[0m
[0m│                                          │[0m
[0m│                                          │[0m
[0m│                                          │[0m
[0m│                                          │[0m
[0m│                                          │[0m
[0m│                                          │[0m
[0m│                                          │[0m
[0m│                                          │[0m
[0m│                                          │[0m
[0m│                                          │[0m
[0m│                                          │[0m
[0m│                                          │[0m
[0m│                                          │[0m
[0m╰──────────────────────────────────────────╯[0m
$$$$FRAME$$$$
[0m╭───────────────────────────────────────────╮[0m
[0m│╭────────────╮ ╭───────────╮ ╭────────────╮│[0m
[0m││  foobar    │ │  bazban   │ │  quzqux    ││[0m
[0m│╰────────────╯ ╰───────────╯ ╰────────────╯│[0m
[0m│                                           │[0m
[0m│                                           │[0m
[0m│                                           │[0m
[0m│                                           │[0m
[0m│                                           │[0m
[0m│                                           │[0m
[0m│                                           │[0m
[0m│                                           │[0m
[0m│                                           │[0m
[0m│                                           │[0m
[0m│                                           │[0m
[0m│                                           │[0m
[0m│                                           │[0m
[0m│                                           │[0m
[0m│                                           │[0m
[0m╰───────────────────────────────────────────╯[0m
$$$$FRAME$$$$
[0m╭────────────────────────────────────────────╮[0m
[0m│╭────────────╮ ╭────────────╮ ╭────────────╮│[0m
[0m││   foobar   │ │   bazban   │ │   quzqux   ││[0m
[0m│╰────────────╯ ╰────────────╯ ╰────────────╯│[0m
[0m│                                            │[0m
[0m│                                            │[0m
[0m│                                            │[0m
[0m│                                            │[0m
[0m│                                            │[0m
[0m│                                            │[0m
[0m│                                            │[0m
[0m│                                            │[0m
[0m│                                            │[0m
[0m│                                            │[0m
[0m│                                            │[0m
[0m│                                            │[0m
[0m│                                            │[0m
[0m│                                            │[0m
[0m│                                            │[0m
[0m╰────────────────────────────────────────────╯[0m
$$$$FRAME$$$$
[0m╭─────────────────────────────────────────────╮[0m
[0m│╭────────────╮ ╭─────────────╮ ╭────────────╮│[0m
[0m││   foobar   │ │   bazban    │ │   quzqux   ││[0m
[0m│╰────────────╯ ╰─────────────╯ ╰────────────╯│[0m
[0m│                                             │[0m
[0m│                                             │[0m
[0m│                                             │[0m
[0m│                                             │[0m
[0m│                                             │[0m
[0m│                                             │[0m
[0m│                                             │[0m
[0m│                                             │[0m
[0m│                                             │[0m
[0m│                                             │[0m
[0m│                                             │[0m
[0m│                                             │[0m
[0m│                                             │[0m
[0m│                                             │[0m
[0m│                                             │[0m
[0m╰─────────────────────────────────────────────╯[0m
$$$$FRAME$$$$
[0m╭──────────────────────────────────────────────╮[0m
[0m│╭─────────────╮ ╭────────────╮ ╭─────────────╮│[0m
[0m││   foobar    │ │   bazban   │ │   quzqux    ││[0m
[0m│╰─────────────╯ ╰────────────╯ ╰─────────────╯│[0m
[0m│                                              │[0m
[0m│                                              │[0m
[0m│                                              │[0m
[0m│                                              │[0m
[0m│                                              │[0m
[0m│                                              │[0m
[0m│                                              │[0m
[0m│                                              │[0m
[0m│                                              │[0m
[0m│                                              │[0m
[0m│                                              │[0m
[0m│                                              │[0m
[0m│                                              │[0m
[0m│                                              │[0m
[0m│                                              │[0m
[0m╰──────────────────────────────────────────────╯[0m
$$$$FRAME$$$$
[0m╭───────────────────────────────────────────────╮[0m
[0m│╭─────────────╮ ╭─────────────╮ ╭─────────────╮│[0m
[0m││   foobar    │ │   bazban    │ │   quzqux    ││[0m
[0m│╰─────────────╯ ╰─────────────╯ ╰─────────────╯│[0m
[0m│                                               │[0m
[0m│                                               │[0m
[0m│                                               │[0m
[0m│                                               │[0m
[0m│                                               │[0m
[0m│                                               │[0m
[0m│                                               │[0m
[0m│                                               │[0m
[0m│                                               │[0m
[0m│                                               │[0m
[0m│                                               │[0m
[0m│                                               │[0m
[0m│                                               │[0m
[0m│                                               │[0m
[0m│                                               │[0m
[0m╰───────────────────────────────────────────────╯[0m
$$$$FRAME$$$$
[0m╭────────────────────────────────────────────────╮[0m
[0m│╭─────────────╮ ╭──────────────╮ ╭─────────────╮│[0m
[0m││   foobar    │ │   bazban     │ │   quzqux    ││[0m
[0m│╰─────────────╯ ╰──────────────╯ ╰─────────────╯│[0m
[0m│                                                │[0m
[0m│                                                │[0m
[0m│                                                │[0m
[0m│                                                │[0m
[0m│                                                │[0m
[0m│                                                │[0m
[0m│                                                │[0m
[0m│                                                │[0m
[0m│                                                │[0m
[0m│                                                │[0m
[0m│                                                │[0m
[0m│                                                │[0m
[0m│                                                │[0m
[0m│                                                │[0m
[0m│                                                │[0m
[0m╰────────────────────────────────────────────────╯[0m
$$$$FRAME$$$$
[0m╭─────────────────────────────────────────────────╮[0m
[0m│╭──────────────╮ ╭─────────────╮ ╭──────────────╮│[0m
[0m││   foobar     │ │   bazban    │ │   quzqux     ││[0m
[0m│╰──────────────╯ ╰─────────────╯ ╰──────────────╯│[0m
[0m│                                                 │[0m
[0m│                                                 │[0m
[0m│                                                 │[0m
[0m│                                                 │[0m
[0m│                                                 │[0m
[0m│                                                 │[0m
[0m│                                                 │[0m
[0m│                                                 │[0m
[0m│                                                 │[0m
[0m│                                                 │[0m
[0m│                                                 │[0m
[0m│                                                 │[0m
[0m│                                                 │[0m
[0m│                                                 │[0m
[0m│                                                 │[0m
[0m╰─────────────────────────────────────────────────╯[0m
$$$$FRAME$$$$
[0m╭──────────────────────────────────────────────────╮[0m
[0m│╭──────────────╮ ╭──────────────╮ ╭──────────────╮│[0m
[0m││    foobar    │ │    bazban    │ │    quzqux    ││[0m
[0m│╰──────────────╯ ╰──────────────╯ ╰──────────────╯│[0m
[0m│                                                  │[0m
[0m│                                                  │[0m
[0m│                                                  │[0m
[0m│                                                  │[0m
[0m│                                                  │[0m
[0m│                                                  │[0m
[0m│                                                  │[0m
[0m│                                                  │[0m
[0m│                                                  │[0m
[0m│                                                  │[0m
[0m│                                                  │[0m
[0m│                                                  │[0m
[0m│                                                  │[0m
[0m│                                                  │[0m
[0m│                                                  │[0m
[0m╰──────────────────────────────────────────────────╯[0m
$$$$FRAME$$$$
[0m╭───────────────────────────────────────────────────╮[0m
[0m│╭──────────────╮ ╭───────────────╮ ╭──────────────╮│[0m
[0m││    foobar    │ │    bazban     │ │    quzqux    ││[0m
[0m│╰──────────────╯ ╰───────────────╯ ╰──────────────╯│[0m
[0m│                                                   │[0m
[0m│                                                   │[0m
[0m│                                                   │[0m
[0m│                                                   │[0m
[0m│                                                   │[0m
[0m│                                                   │[0m
[0m│                                                   │[0m
[0m│                                                   │[0m
[0m│                                                   │[0m
[0m│                                                   │[0m
[0m│                                                   │[0m
[0m│                                                   │[0m
[0m│                                                   │[0m
[0m│                                                   │[0m
[0m│                                                   │[0m
[0m╰───────────────────────────────────────────────────╯[0m
$$$$FRAME$$$$
[0m╭────────────────────────────────────────────────────╮[0m
[0m│╭───────────────╮ ╭──────────────╮ ╭───────────────╮│[0m
[0m││    foobar     │ │    bazban    │ │    quzqux     ││[0m
[0m│╰───────────────╯ ╰──────────────╯ ╰───────────────╯│[0m
[0m│                                                    │[0m
[0m│                                                    │[0m
[0m│                                                    │[0m
[0m│                                                    │[0m
[0m│                                                    │[0m
[0m│                                                    │[0m
[0m│                                                    │[0m
[0m│                                                    │[0m
[0m│                                                    │[0m
[0m│                                                    │[0m
[0m│                                                    │[0m
[0m│                                                    │[0m
[0m│                                                    │[0m
[0m│                                                    │[0m
[0m│                                                    │[0m
[0m╰────────────────────────────────────────────────────╯[0m
$$$$FRAME$$$$
[0m╭─────────────────────────────────────────────────────╮[0m
[0m│╭───────────────╮ ╭───────────────╮ ╭───────────────╮│[0m
[0m││    foobar     │ │    bazban     │ │    quzqux     ││[0m
[0m│╰───────────────╯ ╰───────────────╯ ╰───────────────╯│[0m
[0m│                                                     │[0m
[0m│                                                     │[0m
[0m│                                                     │[0m
[0m│                                                     │[0m
[0m│                                                     │[0m
[0m│                                                     │[0m
[0m│                                                     │[0m
[0m│                                                     │[0m
[0m│                                                     │[0m
[0m│                                                     │[0m
[0m│                                                     │[0m
[0m│                                                     │[0m
[0m│                                                     │[0m
[0m│                                                     │[0m
[0m│                                                     │[0m
[0m╰─────────────────────────────────────────────────────╯[0m