
$$$$FRAME$$$$
[0m█▀▀▀▀▀▀▀▀▀▀▀▀▀▀▀▀▀▀█[0m
[0m█                  █[0m
[0m█                  █[0m
[0m█                  █[0m
[0m█                  █[0m
[0m█                  █[0m
[0m█                  █[0m
[0m█                  █[0m
[0m█                  █[0m
[0m█▄▄▄▄▄▄▄▄▄▄▄▄▄▄▄▄▄▄█[0m